// Jest Snapshot v1, https://goo.gl/fbAQLP

exports[`renders with correct styles 1`] = `
<div
  className="css-m8k7v0"
>
  hi test
</div>
`;
